// Jest Snapshot v1, https://goo.gl/fbAQLP

exports[`<MapEdge /> renders correctly 1`] = `
<RNSVGLine
  propList={
    Array [
      "stroke",
      "strokeWidth",
    ]
  }
  stroke={4283178389}
  strokeWidth={2}
  x1={0}
  x2={1}
  y1={0}
  y2={1}
/>
`;
