// Jest Snapshot v1, https://goo.gl/fbAQLP

exports[`<ExampleComponent /> renders correctly 1`] = `
<Text>
  Hello world!
</Text>
`;
